// Jest Snapshot v1, https://goo.gl/fbAQLP

exports[`[pipelines.js] "links.md" 1`] = `
Array [
  Object {
    "header": Object {
      "endOffset": 17,
      "startOffset": 0,
    },
    "links": Array [],
    "text": "## Markdown links",
    "type": "heading",
    "value": undefined,
  },
  Object {
    "header": Object {
      "endOffset": 56,
      "startOffset": 19,
    },
    "links": Array [
      Object {
        "text": "[a link to a url](http://example.org)",
        "title": null,
        "type": "link",
        "url": "http://example.org",
      },
    ],
    "text": "[a link to a url](http://example.org)",
    "type": "paragraph",
    "value": undefined,
  },
  Object {
    "header": Object {
      "endOffset": 92,
      "startOffset": 58,
    },
    "links": Array [
      Object {
        "text": "[a link to an entity](./entity.md)",
        "title": null,
        "type": "link",
        "url": "./entity.md",
      },
    ],
    "text": "[a link to an entity](./entity.md)",
    "type": "paragraph",
    "value": undefined,
  },
  Object {
    "header": Object {
      "endOffset": 112,
      "startOffset": 94,
    },
    "links": Array [],
    "text": "## Wikimedia links",
    "type": "heading",
    "value": undefined,
  },
  Object {
    "header": Object {
      "endOffset": 137,
      "startOffset": 114,
    },
    "links": Array [
      Object {
        "data": Object {
          "alias": "Entity",
          "exists": false,
          "hChildren": Array [
            Object {
              "type": "text",
              "value": "Entity",
            },
          ],
          "hName": "a",
          "hProperties": Object {
            "className": "internal new",
            "href": "#/page/entity",
          },
          "permalink": "entity",
        },
        "text": "[[Entity]]",
        "type": "wikiLink",
        "value": "Entity",
      },
    ],
    "text": "A link to an [[Entity]]",
    "type": "paragraph",
    "value": undefined,
  },
  Object {
    "header": Object {
      "endOffset": 154,
      "startOffset": 139,
    },
    "links": Array [],
    "text": "## Markdown url",
    "type": "heading",
    "value": undefined,
  },
  Object {
    "header": Object {
      "endOffset": 191,
      "startOffset": 156,
    },
    "links": Array [
      Object {
        "text": "<http://web2.org>",
        "title": null,
        "type": "link",
        "url": "http://web2.org",
      },
      Object {
        "text": "<http://web1.org>",
        "title": null,
        "type": "link",
        "url": "http://web1.org",
      },
    ],
    "text": "<http://web1.org>
<http://web2.org>",
    "type": "paragraph",
    "value": undefined,
  },
  Object {
    "header": Object {
      "endOffset": 206,
      "startOffset": 193,
    },
    "links": Array [],
    "text": "## Simple url",
    "type": "heading",
    "value": undefined,
  },
  Object {
    "header": Object {
      "endOffset": 239,
      "startOffset": 208,
    },
    "links": Array [
      Object {
        "text": "http://web4.org",
        "title": null,
        "type": "link",
        "url": "http://web4.org",
      },
      Object {
        "text": "http://web3.org",
        "title": null,
        "type": "link",
        "url": "http://web3.org",
      },
    ],
    "text": "http://web3.org
http://web4.org",
    "type": "paragraph",
    "value": undefined,
  },
  Object {
    "header": Object {
      "endOffset": 249,
      "startOffset": 241,
    },
    "links": Array [],
    "text": "## Lists",
    "type": "heading",
    "value": undefined,
  },
  Object {
    "header": Object {
      "endOffset": 275,
      "startOffset": 251,
    },
    "links": Array [
      Object {
        "data": Object {
          "alias": "Entity",
          "exists": false,
          "hChildren": Array [
            Object {
              "type": "text",
              "value": "Entity",
            },
          ],
          "hName": "a",
          "hProperties": Object {
            "className": "internal new",
            "href": "#/page/entity",
          },
          "permalink": "entity",
        },
        "text": "[[Entity]]",
        "type": "wikiLink",
        "value": "Entity",
      },
    ],
    "text": "- Hello
    - [[Entity]]",
    "type": "list",
    "value": undefined,
  },
  Object {
    "header": Object {
      "endOffset": 288,
      "startOffset": 277,
    },
    "links": Array [],
    "text": "## An image",
    "type": "heading",
    "value": undefined,
  },
  Object {
    "header": Object {
      "endOffset": 323,
      "startOffset": 290,
    },
    "links": Array [
      Object {
        "text": "[Lovely image](../folder/img.png)",
        "title": null,
        "type": "link",
        "url": "../folder/img.png",
      },
    ],
    "text": "[Lovely image](../folder/img.png)",
    "type": "paragraph",
    "value": undefined,
  },
  Object {
    "header": Object {
      "endOffset": 347,
      "startOffset": 326,
    },
    "links": Array [],
    "text": "## With transclusion ",
    "type": "heading",
    "value": undefined,
  },
  Object {
    "header": Object {
      "endOffset": 383,
      "startOffset": 349,
    },
    "links": Array [
      Object {
        "alt": "Lovely image",
        "text": "![Lovely image](../folder/img.png)",
        "title": null,
        "type": "image",
        "url": "../folder/img.png",
      },
    ],
    "text": "![Lovely image](../folder/img.png)",
    "type": "paragraph",
    "value": undefined,
  },
  Object {
    "header": Object {
      "endOffset": 423,
      "startOffset": 385,
    },
    "links": Array [
      Object {
        "alt": "a link to a url",
        "text": "![a link to a url](http://example.org)",
        "title": null,
        "type": "image",
        "url": "http://example.org",
      },
    ],
    "text": "![a link to a url](http://example.org)",
    "type": "paragraph",
    "value": undefined,
  },
  Object {
    "header": Object {
      "endOffset": 456,
      "startOffset": 425,
    },
    "links": Array [],
    "text": "### (currently not implemented)",
    "type": "heading",
    "value": undefined,
  },
  Object {
    "header": Object {
      "endOffset": 480,
      "startOffset": 458,
    },
    "links": Array [],
    "text": "![[TranscludedEntity]]",
    "type": "paragraph",
    "value": undefined,
  },
]
`;
