// Jest Snapshot v1, https://goo.gl/fbAQLP

exports[`[MarkdownPipeline] "./Alice.md" 1`] = `
"<http://example.org/Alice.md> <http://example.org/linked-to> <http://example.org/not-found-in-vault> <http://example.org/Alice.md> .
<http://example.org/Alice.md> <http://dottriples.org/path> \\"./Alice.md\\" .
<http://example.org/Alice.md> <http://dottriples.org/name> \\"Alice\\" .
<http://example.org/Alice.md> <http://dottriples.org/size> \\"26\\"^^<http://www.w3.org/2001/XMLSchema#integer> .
<http://example.org/Alice.md> <http://dottriples.org/atime> \\"2022-09-25T13:46:50.310Z\\"^^<http://www.w3.org/2001/XMLSchema#dateTime> .
<http://example.org/Alice.md> <http://dottriples.org/mtime> \\"2022-09-02T02:12:08.644Z\\"^^<http://www.w3.org/2001/XMLSchema#dateTime> .
<http://example.org/Alice.md> <http://dottriples.org/ctime> \\"2022-09-02T02:12:08.644Z\\"^^<http://www.w3.org/2001/XMLSchema#dateTime> .
"
`;

exports[`[MarkdownPipeline] "./Person.md" 1`] = `
"<http://example.org/Person.md> <http://example.org/has-url> <http://web1.org> <http://example.org/Person.md> .
<http://example.org/Person.md> <http://example.org/has-url> <http://web2.org> <http://example.org/Person.md> .
<http://example.org/Person.md> <http://dottriples.org/path> \\"./Person.md\\" .
<http://example.org/Person.md> <http://dottriples.org/name> \\"Person\\" .
<http://example.org/Person.md> <http://dottriples.org/size> \\"58\\"^^<http://www.w3.org/2001/XMLSchema#integer> .
<http://example.org/Person.md> <http://dottriples.org/atime> \\"2022-09-25T17:25:42.067Z\\"^^<http://www.w3.org/2001/XMLSchema#dateTime> .
<http://example.org/Person.md> <http://dottriples.org/mtime> \\"2022-09-25T17:25:42.059Z\\"^^<http://www.w3.org/2001/XMLSchema#dateTime> .
<http://example.org/Person.md> <http://dottriples.org/ctime> \\"2022-09-25T17:25:42.059Z\\"^^<http://www.w3.org/2001/XMLSchema#dateTime> .
"
`;

exports[`[MarkdownPipeline] "./Yaml.md" 1`] = `
"<http://example.org/Yaml.md> <http://example.org/date-updated> \\"2021-08-05T17:10:34+02:00\\" <http://example.org/Yaml.md> .
<http://example.org/Yaml.md> <http://example.org/tags> \\"cats\\" <http://example.org/Yaml.md> .
<http://example.org/Yaml.md> <http://example.org/tags> \\"dogs\\" <http://example.org/Yaml.md> .
<http://example.org/Yaml.md> <http://example.org/one> \\"Two\\" <http://example.org/Yaml.md> .
<http://example.org/Yaml.md> <http://dottriples.org/path> \\"./Yaml.md\\" .
<http://example.org/Yaml.md> <http://dottriples.org/name> \\"Yaml\\" .
<http://example.org/Yaml.md> <http://dottriples.org/size> \\"110\\"^^<http://www.w3.org/2001/XMLSchema#integer> .
<http://example.org/Yaml.md> <http://dottriples.org/atime> \\"2022-09-25T13:46:50.358Z\\"^^<http://www.w3.org/2001/XMLSchema#dateTime> .
<http://example.org/Yaml.md> <http://dottriples.org/mtime> \\"2022-09-02T02:09:27.532Z\\"^^<http://www.w3.org/2001/XMLSchema#dateTime> .
<http://example.org/Yaml.md> <http://dottriples.org/ctime> \\"2022-09-02T02:09:27.532Z\\"^^<http://www.w3.org/2001/XMLSchema#dateTime> .
"
`;

exports[`[MarkdownPipeline] "./bob/Bob.md" 1`] = `
"<http://example.org/bob/Bob.md> <http://example.org/age> \\"44\\" <http://example.org/bob/Bob.md> .
<http://example.org/bob/Bob.md> <http://example.org/website> <http://bob.org> <http://example.org/bob/Bob.md> .
<http://example.org/bob/Bob.md> <http://xmlns.com/foaf/0.1/knows> <http://example.org/Alice.md> <http://example.org/bob/Bob.md> .
<http://example.org/bob/Bob.md> <http://example.org/linked-to> <http://example.org/Alice.md> <http://example.org/bob/Bob.md> .
<http://example.org/bob/Bob.md> <http://example.org/linked-to> <http://example.org/bob/BobHouse.md> <http://example.org/bob/Bob.md> .
<http://example.org/bob/Bob.md> <http://example.org/has-relative> <http://example.org/folder/Test.md> <http://example.org/bob/Bob.md> .
<http://example.org/bob/Bob.md> <http://example.org/has-image> <http://example.org/folder/img.png> <http://example.org/bob/Bob.md> .
<http://bob.org> <http://www.w3.org/1999/02/22-rdf-syntax-ns#type> \\"WeBsiTe\\" <http://example.org/bob/Bob.md> .
<http://example.org/bob/Bob.md> <http://dottriples.org/path> \\"./bob/Bob.md\\" .
<http://example.org/bob/Bob.md> <http://dottriples.org/name> \\"Bob\\" .
<http://example.org/bob/Bob.md> <http://dottriples.org/size> \\"331\\"^^<http://www.w3.org/2001/XMLSchema#integer> .
<http://example.org/bob/Bob.md> <http://dottriples.org/atime> \\"2022-09-25T13:46:50.326Z\\"^^<http://www.w3.org/2001/XMLSchema#dateTime> .
<http://example.org/bob/Bob.md> <http://dottriples.org/mtime> \\"2022-09-02T05:14:07.241Z\\"^^<http://www.w3.org/2001/XMLSchema#dateTime> .
<http://example.org/bob/Bob.md> <http://dottriples.org/ctime> \\"2022-09-02T05:14:07.241Z\\"^^<http://www.w3.org/2001/XMLSchema#dateTime> .
"
`;

exports[`[MarkdownPipeline] "./bob/BobHouse.md" 1`] = `
"<http://example.org/bob/BobHouse.md> <http://www.w3.org/1999/02/22-rdf-syntax-ns#type> \\"House\\" <http://example.org/bob/BobHouse.md> .
<http://example.org/bob/BobHouse.md> <http://dottriples.org/path> \\"./bob/BobHouse.md\\" .
<http://example.org/bob/BobHouse.md> <http://dottriples.org/name> \\"BobHouse\\" .
<http://example.org/bob/BobHouse.md> <http://dottriples.org/size> \\"14\\"^^<http://www.w3.org/2001/XMLSchema#integer> .
<http://example.org/bob/BobHouse.md> <http://dottriples.org/atime> \\"2022-09-25T13:46:50.342Z\\"^^<http://www.w3.org/2001/XMLSchema#dateTime> .
<http://example.org/bob/BobHouse.md> <http://dottriples.org/mtime> \\"2022-09-02T03:38:48.794Z\\"^^<http://www.w3.org/2001/XMLSchema#dateTime> .
<http://example.org/bob/BobHouse.md> <http://dottriples.org/ctime> \\"2022-09-02T03:38:48.794Z\\"^^<http://www.w3.org/2001/XMLSchema#dateTime> .
"
`;

exports[`[MarkdownPipeline] "./dot triples.md" 1`] = `
"<http://example.org/dot%20triples.md> <http://example.org/property> \\"value\\" <http://example.org/dot%20triples.md> .
<http://example.org/dot%20triples.md> <http://example.org/same-as> <http://example.org/dot%20triples.md> <http://example.org/dot%20triples.md> .
<http://example.org/subject2> <http://example.org/property2> \\"value2\\" <http://example.org/dot%20triples.md> .
<http://example.org/dot%20triples.md> <http://dottriples.org/path> \\"./dot triples.md\\" .
<http://example.org/dot%20triples.md> <http://dottriples.org/name> \\"dot triples\\" .
<http://example.org/dot%20triples.md> <http://dottriples.org/size> \\"161\\"^^<http://www.w3.org/2001/XMLSchema#integer> .
<http://example.org/dot%20triples.md> <http://dottriples.org/atime> \\"2022-09-25T17:26:24.370Z\\"^^<http://www.w3.org/2001/XMLSchema#dateTime> .
<http://example.org/dot%20triples.md> <http://dottriples.org/mtime> \\"2022-09-25T17:25:21.221Z\\"^^<http://www.w3.org/2001/XMLSchema#dateTime> .
<http://example.org/dot%20triples.md> <http://dottriples.org/ctime> \\"2022-09-25T17:25:21.221Z\\"^^<http://www.w3.org/2001/XMLSchema#dateTime> .
"
`;

exports[`[MarkdownPipeline] "./folder/Test.md" 1`] = `
"<http://example.org/folder/Test.md> <http://example.org/linked-to> <http://example.org/not-found-in-vault> <http://example.org/folder/Test.md> .
<http://example.org/folder/Test.md> <http://dottriples.org/path> \\"./folder/Test.md\\" .
<http://example.org/folder/Test.md> <http://dottriples.org/name> \\"Test\\" .
<http://example.org/folder/Test.md> <http://dottriples.org/size> \\"99\\"^^<http://www.w3.org/2001/XMLSchema#integer> .
<http://example.org/folder/Test.md> <http://dottriples.org/atime> \\"2022-09-25T13:46:50.342Z\\"^^<http://www.w3.org/2001/XMLSchema#dateTime> .
<http://example.org/folder/Test.md> <http://dottriples.org/mtime> \\"2022-08-31T22:05:10.160Z\\"^^<http://www.w3.org/2001/XMLSchema#dateTime> .
<http://example.org/folder/Test.md> <http://dottriples.org/ctime> \\"2022-08-31T22:05:10.160Z\\"^^<http://www.w3.org/2001/XMLSchema#dateTime> .
"
`;

exports[`[MarkdownPipeline] "./index.md" 1`] = `
"<http://example.org/bob/Bob.md> <http://www.w3.org/1999/02/22-rdf-syntax-ns#type> <http://example.org/Person.md> <http://example.org/index.md> .
<http://example.org/Alice.md> <http://www.w3.org/1999/02/22-rdf-syntax-ns#type> <http://example.org/Person.md> <http://example.org/index.md> .
<http://bob.org> <http://www.w3.org/1999/02/22-rdf-syntax-ns#type> \\"WeBsiTe\\" <http://example.org/index.md> .
<http://example.org/index.md> <http://dottriples.org/path> \\"./index.md\\" .
<http://example.org/index.md> <http://dottriples.org/name> \\"index\\" .
<http://example.org/index.md> <http://dottriples.org/size> \\"93\\"^^<http://www.w3.org/2001/XMLSchema#integer> .
<http://example.org/index.md> <http://dottriples.org/atime> \\"2022-09-25T17:26:24.406Z\\"^^<http://www.w3.org/2001/XMLSchema#dateTime> .
<http://example.org/index.md> <http://dottriples.org/mtime> \\"2022-09-25T17:25:33.113Z\\"^^<http://www.w3.org/2001/XMLSchema#dateTime> .
<http://example.org/index.md> <http://dottriples.org/ctime> \\"2022-09-25T17:25:33.113Z\\"^^<http://www.w3.org/2001/XMLSchema#dateTime> .
"
`;
