// Jest Snapshot v1, https://goo.gl/fbAQLP

exports[`[MarkdownPipeline] "./Alice.md" 1`] = `
"<http://example.org/Alice.md> <http://www.w3.org/1999/02/22-rdf-syntax-ns#type> <http://example.org/Person.md> <http://example.org/Alice.md> .
<http://example.org/Alice.md> <http://dottriples.org/related> _:Ice cream <http://example.org/Alice.md> .
<http://example.org/Alice.md> <http://dottriples.org/path> \\"/home/cvasquez/github.com/cristianvasquez/dotTriples/test/markdown/Alice.md\\" <http://example.org/Alice.md> .
<http://example.org/Alice.md> <http://dottriples.org/size> \\"49\\"^^<http://www.w3.org/2001/XMLSchema#integer> <http://example.org/Alice.md> .
_:Ice cream <http://www.w3.org/1999/02/22-rdf-syntax-ns#type> <http://dottriples.org/Wikilink> <http://example.org/Alice.md> .
_:Ice cream <http://schema.org/name> \\"Ice cream\\" <http://example.org/Alice.md> .
"
`;

exports[`[MarkdownPipeline] "./Person.md" 1`] = `
"<http://example.org/Person.md> <http://dottriples.org/path> \\"/home/cvasquez/github.com/cristianvasquez/dotTriples/test/markdown/Person.md\\" <http://example.org/Person.md> .
<http://example.org/Person.md> <http://dottriples.org/size> \\"21\\"^^<http://www.w3.org/2001/XMLSchema#integer> <http://example.org/Person.md> .
"
`;

exports[`[MarkdownPipeline] "./Yaml.md" 1`] = `
"<http://example.org/Yaml.md> <http://example.org/date-updated> \\"2021-08-05T17:10:34+02:00\\" <http://example.org/Yaml.md> .
<http://example.org/Yaml.md> <http://example.org/one> _:b11 <http://example.org/Yaml.md> .
<http://example.org/Yaml.md> <http://dottriples.org/tag> \\"cats\\" <http://example.org/Yaml.md> .
<http://example.org/Yaml.md> <http://dottriples.org/tag> \\"dogs\\" <http://example.org/Yaml.md> .
<http://example.org/Yaml.md> <http://dottriples.org/path> \\"/home/cvasquez/github.com/cristianvasquez/dotTriples/test/markdown/Yaml.md\\" <http://example.org/Yaml.md> .
<http://example.org/Yaml.md> <http://dottriples.org/size> \\"110\\"^^<http://www.w3.org/2001/XMLSchema#integer> <http://example.org/Yaml.md> .
_:b11 <http://example.org/0> \\"Two\\" <http://example.org/Yaml.md> .
_:b11 <http://example.org/1> _:b12 <http://example.org/Yaml.md> .
_:b12 <http://example.org/three> _:b13 <http://example.org/Yaml.md> .
_:b13 <http://example.org/0> \\"Other\\" <http://example.org/Yaml.md> .
"
`;

exports[`[MarkdownPipeline] "./bob/Bob Details.md" 1`] = `
"<http://example.org/bob/Bob%20Details.md> <http://dottriples.org/path> \\"/home/cvasquez/github.com/cristianvasquez/dotTriples/test/markdown/bob/Bob Details.md\\" <http://example.org/bob/Bob%20Details.md> .
<http://example.org/bob/Bob%20Details.md> <http://dottriples.org/size> \\"23\\"^^<http://www.w3.org/2001/XMLSchema#integer> <http://example.org/bob/Bob%20Details.md> .
"
`;

exports[`[MarkdownPipeline] "./bob/Bob.md" 1`] = `
"<http://example.org/bob/Bob.md> <http://example.org/bob/Bob.md> _:b1 <http://example.org/bob/Bob.md> .
<http://example.org/bob/Bob.md> <http://example.org/bob/Bob.md> _:b2 <http://example.org/bob/Bob.md> .
<http://example.org/bob/Bob.md> <http://example.org/bob/Bob.md> _:b3 <http://example.org/bob/Bob.md> .
<http://example.org/bob/Bob.md> <http://bob.org> _:b4 <http://example.org/bob/Bob.md> .
<http://example.org/bob/Bob.md> <http://dottriples.org/related> <http://example.org/bob/Bob.md> <http://example.org/bob/Bob.md> .
<http://example.org/bob/Bob.md> <http://dottriples.org/related> <http://bob.org> <http://example.org/bob/Bob.md> .
<http://example.org/bob/Bob.md> <http://dottriples.org/related> <http://example.org/Person.md> <http://example.org/bob/Bob.md> .
<http://example.org/bob/Bob.md> <http://dottriples.org/related> <http://example.org/bob/houses/BobHouse.md> <http://example.org/bob/Bob.md> .
<http://example.org/bob/Bob.md> <http://dottriples.org/related> <http://example.org/bob/Alice.md> <http://example.org/bob/Bob.md> .
<http://example.org/bob/Bob.md> <http://dottriples.org/related> <http://example.org/Alice.md> <http://example.org/bob/Bob.md> .
<http://example.org/bob/Bob.md> <http://dottriples.org/related> <http://example.org/bob/houses/img.png> <http://example.org/bob/Bob.md> .
<http://example.org/bob/Bob.md> <http://dottriples.org/path> \\"/home/cvasquez/github.com/cristianvasquez/dotTriples/test/markdown/bob/Bob.md\\" <http://example.org/bob/Bob.md> .
<http://example.org/bob/Bob.md> <http://dottriples.org/size> \\"405\\"^^<http://www.w3.org/2001/XMLSchema#integer> <http://example.org/bob/Bob.md> .
_:b1 <http://www.w3.org/1999/02/22-rdf-syntax-ns#type> <http://example.org/Person.md> <http://example.org/bob/Bob.md> .
_:b2 <http://example.org/age> \\"44\\" <http://example.org/bob/Bob.md> .
_:b3 <http://example.org/website> <http://bob.org> <http://example.org/bob/Bob.md> .
_:b4 <http://www.w3.org/1999/02/22-rdf-syntax-ns#type> \\"WeBsiTe\\" <http://example.org/bob/Bob.md> .
"
`;

exports[`[MarkdownPipeline] "./dot triples.md" 1`] = `
"<http://example.org/dot%20triples.md> <http://example.org/property> \\"value\\" <http://example.org/dot%20triples.md> .
<http://example.org/dot%20triples.md> <http://example.org/subject2> _:b5 <http://example.org/dot%20triples.md> .
<http://example.org/dot%20triples.md> <http://example.org/ambiguity> _:b6 <http://example.org/dot%20triples.md> .
<http://example.org/dot%20triples.md> <http://example.org/__this__> _:b8 <http://example.org/dot%20triples.md> .
<http://example.org/dot%20triples.md> <http://dottriples.org/related> <http://example.org/dot%20triples.md> <http://example.org/dot%20triples.md> .
<http://example.org/dot%20triples.md> <http://dottriples.org/path> \\"/home/cvasquez/github.com/cristianvasquez/dotTriples/test/markdown/dot triples.md\\" <http://example.org/dot%20triples.md> .
<http://example.org/dot%20triples.md> <http://dottriples.org/size> \\"161\\"^^<http://www.w3.org/2001/XMLSchema#integer> <http://example.org/dot%20triples.md> .
_:b5 <http://example.org/property2> \\"value2\\" <http://example.org/dot%20triples.md> .
_:b6 <http://example.org/ambiguity> _:b7 <http://example.org/dot%20triples.md> .
_:b8 <http://example.org/same-as> <http://example.org/dot%20triples.md> <http://example.org/dot%20triples.md> .
_:b7 <http://example.org/ambiguity> \\"ambiguity\\" <http://example.org/dot%20triples.md> .
"
`;

exports[`[MarkdownPipeline] "./houses/BobHouse.md" 1`] = `
"<http://example.org/houses/BobHouse.md> <http://www.w3.org/1999/02/22-rdf-syntax-ns#type> \\"House\\" <http://example.org/houses/BobHouse.md> .
<http://example.org/houses/BobHouse.md> <http://dottriples.org/path> \\"/home/cvasquez/github.com/cristianvasquez/dotTriples/test/markdown/houses/BobHouse.md\\" <http://example.org/houses/BobHouse.md> .
<http://example.org/houses/BobHouse.md> <http://dottriples.org/size> \\"14\\"^^<http://www.w3.org/2001/XMLSchema#integer> <http://example.org/houses/BobHouse.md> .
"
`;

exports[`[MarkdownPipeline] "./index.md" 1`] = `
"<http://example.org/index.md> <http://dottriples.org/undefined> _:b9 <http://example.org/index.md> .
<http://example.org/index.md> <http://dottriples.org/related> <http://example.org/Person.md> <http://example.org/index.md> .
<http://example.org/index.md> <http://dottriples.org/related> <http://example.org/bob/Bob.md> <http://example.org/index.md> .
<http://example.org/index.md> <http://dottriples.org/related> <http://example.org/Alice.md> <http://example.org/index.md> .
<http://example.org/index.md> <http://dottriples.org/related> <http://bob.org> <http://example.org/index.md> .
<http://example.org/index.md> <http://bob.org> _:b10 <http://example.org/index.md> .
<http://example.org/index.md> <http://dottriples.org/path> \\"/home/cvasquez/github.com/cristianvasquez/dotTriples/test/markdown/index.md\\" <http://example.org/index.md> .
<http://example.org/index.md> <http://dottriples.org/size> \\"93\\"^^<http://www.w3.org/2001/XMLSchema#integer> <http://example.org/index.md> .
_:b9 <http://www.w3.org/1999/02/22-rdf-syntax-ns#type> <http://example.org/Person.md> <http://example.org/index.md> .
_:b10 <http://www.w3.org/1999/02/22-rdf-syntax-ns#type> \\"WeBsiTe\\" <http://example.org/index.md> .
"
`;

exports[`[MarkdownPipeline] "./links.md" 1`] = `
"<http://example.org/links.md> <http://dottriples.org/related> <http://web2.org> <http://example.org/links.md> .
<http://example.org/links.md> <http://dottriples.org/related> <http://web1.org> <http://example.org/links.md> .
<http://example.org/links.md> <http://dottriples.org/path> \\"/home/cvasquez/github.com/cristianvasquez/dotTriples/test/markdown/links.md\\" <http://example.org/links.md> .
<http://example.org/links.md> <http://dottriples.org/size> \\"227\\"^^<http://www.w3.org/2001/XMLSchema#integer> <http://example.org/links.md> .
"
`;
